`apiVersion: v1
kind: Namespace
metadata:
  annotations:
    appSpecAnn: test-app-spec-ann
    global-scoped-ann: test-global
  creationTimestamp: null
  labels:
    acorn.io/app-name: app-name
    acorn.io/app-namespace: app-namespace
    acorn.io/managed: "true"
    appSpecLabel: test-app-spec-label
    global-scoped-label: test-global
    pod-security.kubernetes.io/enforce: baseline
  name: app-created-namespace
spec: {}
status: {}
`
