`apiVersion: v1
kind: Namespace
metadata:
  creationTimestamp: null
  labels:
    acorn.io/app-name: default
    acorn.io/app-namespace: acorn
    acorn.io/managed: "true"
    pod-security.kubernetes.io/enforce: baseline
  name: app-created-namespace
spec: {}
status: {}
`
