`apiVersion: v1
data:
  username: bXl1c2VybmFtZQ==
kind: Secret
metadata:
  annotations:
    acorn.io/app-generation: "0"
    acorn.io/config-hash: ""
  creationTimestamp: null
  labels:
    acorn.io/app-name: app-name
    acorn.io/app-namespace: app-namespace
    acorn.io/managed: "true"
    acorn.io/secret-name: foo
    acorn.io/secret-source-name: existing-secret-abcdef
    acorn.io/secret-source-namespace: app-namespace
  name: foo
  namespace: app-created-namespace
type: secrets.acorn.io/opaque
`
