`apiVersion: internal.acorn.io/v1
kind: ProjectInstance
metadata:
  creationTimestamp: null
  name: acorn
spec: {}
status:
  defaultRegion: local
  supportedRegions:
  - local
`
