`apiVersion: v1
data:
  key: YSBhc2Rm
kind: Secret
metadata:
  annotations:
    acorn.io/app-generation: "0"
  creationTimestamp: null
  labels:
    acorn.io/app-name: app-name
    acorn.io/app-namespace: app-namespace
    acorn.io/managed: "true"
    acorn.io/secret-name: foo
    acorn.io/secret-source-name: foo-tx9w8
    acorn.io/secret-source-namespace: app-namespace
  name: foo
  namespace: app-created-namespace
type: secrets.acorn.io/template
`
