`apiVersion: v1
kind: Namespace
metadata:
  annotations:
    global2a: value
    globala: value
  creationTimestamp: null
  labels:
    acorn.io/app-name: app-name
    acorn.io/app-namespace: app-namespace
    acorn.io/managed: "true"
    global: value
    global2: value
    pod-security.kubernetes.io/enforce: baseline
  name: app-created-namespace
spec: {}
status: {}
`
