`apiVersion: v1
kind: ServiceAccount
metadata:
  annotations:
    acorn.io/app-generation: "2"
  creationTimestamp: null
  labels:
    acorn.io/app-name: app-name
    acorn.io/app-namespace: app-namespace
    acorn.io/app-public-name: app-name
    acorn.io/job-name: job
    acorn.io/managed: "true"
  name: job
  namespace: app-created-namespace

---
apiVersion: batch/v1
kind: Job
metadata:
  annotations:
    acorn.io/app-generation: "2"
    apply.acorn.io/prune: "false"
    apply.acorn.io/update: "true"
  creationTimestamp: null
  labels:
    acorn.io/app-name: app-name
    acorn.io/app-namespace: app-namespace
    acorn.io/app-public-name: app-name
    acorn.io/job-name: job
    acorn.io/managed: "true"
  name: job
  namespace: app-created-namespace
spec:
  backoffLimit: 1000
  template:
    metadata:
      annotations:
        acorn.io/app-generation: "2"
        acorn.io/container-spec: '{"events":["create","update"],"image":"only-image","probes":null}'
      creationTimestamp: null
      labels:
        acorn.io/app-name: app-name
        acorn.io/app-namespace: app-namespace
        acorn.io/app-public-name: app-name
        acorn.io/job-name: job
        acorn.io/managed: "true"
    spec:
      containers:
      - env:
        - name: ACORN_EVENT
          value: update
        image: only-image
        name: job
        resources: {}
        terminationMessagePath: /run/secrets/output
      enableServiceLinks: false
      imagePullSecrets:
      - name: job-pull-1234567890ab
      restartPolicy: Never
      serviceAccountName: job
      terminationGracePeriodSeconds: 5
status: {}

---
apiVersion: v1
data:
  .dockerconfigjson: eyJhdXRocyI6eyJpbmRleC5kb2NrZXIuaW8iOnsiYXV0aCI6Ik9nPT0ifX19
kind: Secret
metadata:
  creationTimestamp: null
  labels:
    acorn.io/managed: "true"
    acorn.io/pull-secret: "true"
  name: job-pull-1234567890ab
  namespace: app-created-namespace
type: kubernetes.io/dockerconfigjson

---
apiVersion: internal.acorn.io/v1
kind: AppInstance
metadata:
  creationTimestamp: null
  generation: 2
  name: app-name
  namespace: app-namespace
  uid: 1234567890abcdef
spec:
  image: test
status:
  appImage:
    id: test
    imageData: {}
    vcs: {}
  appSpec:
    jobs:
      job:
        events:
        - create
        - update
        image: only-image
        probes: null
  appStatus:
    jobs:
      job:
        createEventSucceeded: true
  columns: {}
  conditions:
    observedGeneration: 2
    reason: Success
    status: "True"
    success: true
    type: defined
  defaults: {}
  namespace: app-created-namespace
`
