`apiVersion: v1
kind: Namespace
metadata:
  annotations:
    acorn.io/my-annotation: my-anno-value
  creationTimestamp: null
  labels:
    acorn.io/managed: "true"
    acorn.io/my-label: my-label-value
    acorn.io/project: "true"
  name: acorn
spec: {}
status: {}
`
