`apiVersion: v1
kind: Service
metadata:
  creationTimestamp: null
  labels:
    acorn.io/managed: "true"
  name: acorn-dns-service
  namespace: acorn-system
spec:
  ports:
  - port: 80
    targetPort: 0
  selector:
    app: acorn-system
status:
  loadBalancer: {}

---
apiVersion: networking.k8s.io/v1
kind: Ingress
metadata:
  creationTimestamp: null
  labels:
    acorn.io/managed: "true"
  name: acorn-dns-ingress
spec:
  rules:
  - host: acorn-dns-ingress.oss-acorn.io
    http:
      paths:
      - backend:
          service:
            name: acorn-dns-service
            port:
              number: 80
        path: /
        pathType: ImplementationSpecific
status:
  loadBalancer: {}
`
