`apiVersion: internal.acorn.io/v1
kind: AppInstance
metadata:
  creationTimestamp: null
  name: default
  namespace: random
  uid: 1234567890abcdef
spec:
  targetNamespace: foo
status:
  appImage:
    imageData: {}
    vcs: {}
  appSpec: {}
  appStatus: {}
  columns: {}
  conditions:
    reason: Success
    status: "True"
    success: true
    type: namespace
  defaults: {}
  namespace: foo
  staged:
    appImage:
      imageData: {}
      vcs: {}

---
apiVersion: internal.acorn.io/v1
kind: AppInstance
metadata:
  creationTimestamp: null
  name: default
  namespace: random
  uid: 1234567890abcdef
spec:
  targetNamespace: foo
status:
  appImage:
    imageData: {}
    vcs: {}
  appSpec: {}
  appStatus: {}
  columns: {}
  conditions:
    reason: Success
    status: "True"
    success: true
    type: namespace
  defaults: {}
  namespace: foo
  staged:
    appImage:
      imageData: {}
      vcs: {}
`
